Microchip MPLAB XC8 Compiler V2.10 ()

Linker command line:

-W-3 --edf=C:\Program Files (x86)\Microchip\xc8\v2.10\pic\dat\en_msgs.txt \
  -cs -h+dist/default/production\src.production.sym \
  --cmf=dist/default/production\src.production.cmf -z -Q16F887 \
  -oC:\Users\Alumno\AppData\Local\Temp\s3f0.2 --defsym=__MPLAB_BUILD=1 \
  -Mdist/default/production/src.production.map -E1 -ver=XC8 --acfsm=1493 \
  -ASTACK=0110h-016Fh -pstack=STACK -ACODE=00h-07FFhx4 -ASTRCODE=00h-01FFFh \
  -ASTRING=00h-0FFhx32 -ACONST=00h-0FFhx32 -AENTRY=00h-0FFhx32 \
  -ACOMMON=070h-07Fh -ABANK0=020h-06Fh -ABANK1=0A0h-0EFh \
  -ABANK2=0110h-016Fh -ABANK3=0190h-01EFh \
  -ARAM=020h-06Fh,0A0h-0EFh,0110h-016Fh,0190h-01EFh \
  -AABS1=020h-07Fh,0A0h-0EFh,0110h-016Fh,0190h-01EFh -ASFR0=00h-01Fh \
  -ASFR1=080h-09Fh -ASFR2=0100h-010Fh -ASFR3=0180h-018Fh \
  -preset_vec=00h,intentry=04h,init,end_init -ppowerup=CODE -pcinit=CODE \
  -pfunctab=ENTRY -ACONFIG=02007h-02008h -pconfig=CONFIG -DCONFIG=2 \
  -AIDLOC=02000h-02003h -pidloc=IDLOC -DIDLOC=2 -AEEDATA=00h-0FFh/02100h \
  -peeprom_data=EEDATA -DEEDATA=2 -DCODE=2 -DSTRCODE=2 -DSTRING=2 -DCONST=2 \
  -DENTRY=2 -k C:\Users\Alumno\AppData\Local\Temp\s3f0.o \
  dist/default/production\src.production.o 

Object code version is 3.11

Machine type is 16F887



                Name                               Link     Load   Length Selector   Space Scale
C:\Users\Alumno\AppData\Local\Temp\s3f0.o
                end_init                              C        C        3        8       0
                reset_vec                             0        0        3        0       0
                config                             2007     2007        2     400E       0
dist/default/production\src.production.o
                cinit                                 F        F       11        8       0
                intentry                              4        4        8        8       0
                text9                               18F      18F        7        8       0
                text8                               19B      19B        5        8       0
                text7                                A5       A5       45        8       0
                text6                               156      156       21        8       0
                text5                               196      196        5        8       0
                text4                                20       20       85        8       0
                text3                               1A0      1A0        2        8       0
                text2                               177      177       18        8       0
                text1                                EA       EA       3F        8       0
                maintext                            129      129       2D        8       0
                cstackBANK0                          24       24        2       20       1
                cstackCOMMON                         77       77        5       70       1
                bssBANK0                             20       20        4       20       1
                bssCOMMON                            70       70        7       70       1

TOTAL           Name                               Link     Load   Length     Space
        CLASS   STACK          

        CLASS   CODE           
                end_init                              C        C        3         0
                cinit                                 F        F       11         0
                intentry                              4        4        8         0
                reset_vec                             0        0        3         0
                text9                               18F      18F        7         0
                text8                               19B      19B        5         0
                text7                                A5       A5       45         0
                text6                               156      156       21         0
                text5                               196      196        5         0
                text4                                20       20       85         0
                text3                               1A0      1A0        2         0
                text2                               177      177       18         0
                text1                                EA       EA       3F         0
                maintext                            129      129       2D         0

        CLASS   STRCODE        

        CLASS   STRING         

        CLASS   CONST          

        CLASS   ENTRY          

        CLASS   COMMON         
                cstackCOMMON                         77       77        5         1
                bssCOMMON                            70       70        7         1

        CLASS   BANK0          
                cstackBANK0                          24       24        2         1
                bssBANK0                             20       20        4         1

        CLASS   BANK1          

        CLASS   BANK2          

        CLASS   BANK3          

        CLASS   RAM            

        CLASS   ABS1           
                abs_s1                               7E       7E        2         1

        CLASS   SFR0           

        CLASS   SFR1           

        CLASS   SFR2           

        CLASS   SFR3           

        CLASS   CONFIG         
                config                             2007     2007        2         0

        CLASS   IDLOC          

        CLASS   EEDATA         



SEGMENTS        Name                           Load    Length   Top    Selector   Space  Class     Delta

                reset_vec                      000000  000003  000003         0       0  CODE        2
                intentry                       000004  00019E  0001A2         8       0  CODE        2
                bssBANK0                       000020  000006  000026        20       1  BANK0       1
                bssCOMMON                      000070  00000C  00007C        70       1  COMMON      1
                config                         002007  000002  002009      400E       0  CONFIG      2


UNUSED ADDRESS RANGES

        Name                Unused          Largest block    Delta
        BANK0            0026-006F             4A           1
        BANK1            00A0-00EF             50           1
        BANK2            0110-016F             60           1
        BANK3            0190-01EF             60           1
        CODE             0003-0003              1           2
                         01A2-1FFF            800
        COMMON           007C-007D              2           1
        CONST            0003-0003              1           2
                         01A2-1FFF            100
        EEDATA           2100-21FF            100           2
        ENTRY            0003-0003              1           2
                         01A2-1FFF            100
        IDLOC            2000-2003              4           2
        RAM              0026-006F             4A           1
                         00A0-00EF             50
                         0110-016F             60
                         0190-01EF             60
        SFR0             0000-001F             20           1
        SFR1             0080-009F             20           1
        SFR2             0100-010F             10           1
        SFR3             0180-018F             10           1
        STACK            0110-016F             60           1
        STRCODE          0003-0003              1           2
                         01A2-1FFF           1E5E
        STRING           0003-0003              1           2
                         01A2-1FFF            100

                                  Symbol Table

_ANSEL                   (abs)        0188
_ANSELH                  (abs)        0189
_GIE                     (abs)        005F
_IOCB5                   (abs)        04B5
_OPTION_REGbits          (abs)        0081
_PORTAbits               (abs)        0005
_PORTBbits               (abs)        0006
_PORTDbits               (abs)        0008
_PORTEbits               (abs)        0009
_PSA                     (abs)        040B
_T0CS                    (abs)        040D
_TMR0IE                  (abs)        005D
_TRISAbits               (abs)        0085
_TRISBbits               (abs)        0086
_TRISDbits               (abs)        0088
_TRISEbits               (abs)        0089
__CFG_BOR4V$BOR21V       (abs)        0000
__CFG_BOREN$OFF          (abs)        0000
__CFG_CP$OFF             (abs)        0000
__CFG_CPD$OFF            (abs)        0000
__CFG_FCMEN$ON           (abs)        0000
__CFG_FOSC$XT            (abs)        0000
__CFG_IESO$ON            (abs)        0000
__CFG_LVP$OFF            (abs)        0000
__CFG_MCLRE$ON           (abs)        0000
__CFG_PWRTE$OFF          (abs)        0000
__CFG_WDTE$OFF           (abs)        0000
__CFG_WRT$OFF            (abs)        0000
__Habs1                  abs1         0000
__Hbank0                 bank0        0000
__Hbank1                 bank1        0000
__Hbank2                 bank2        0000
__Hbank3                 bank3        0000
__HbssBANK0              bssBANK0     0000
__HbssCOMMON             bssCOMMON    0000
__Hcinit                 cinit        0020
__Hclrtext               clrtext      0000
__Hcode                  code         0000
__Hcommon                common       0000
__Hconfig                config       2009
__HcstackBANK0           cstackBANK0  0000
__HcstackCOMMON          cstackCOMMON 0000
__Heeprom_data           eeprom_data  0000
__Hend_init              end_init     000F
__Hfunctab               functab      0000
__Hidloc                 idloc        0000
__Hinit                  init         000C
__Hintentry              intentry     000C
__Hmaintext              maintext     0000
__Hpowerup               powerup      0000
__Hram                   ram          0000
__Hreset_vec             reset_vec    0003
__Hsfr0                  sfr0         0000
__Hsfr1                  sfr1         0000
__Hsfr2                  sfr2         0000
__Hsfr3                  sfr3         0000
__Hspace_0               (abs)        2009
__Hspace_1               (abs)        007C
__Hspace_2               (abs)        0000
__Hspace_3               (abs)        0000
__Hstack                 stack        0000
__Hstrings               strings      0000
__Htext                  text         0000
__Labs1                  abs1         0000
__Lbank0                 bank0        0000
__Lbank1                 bank1        0000
__Lbank2                 bank2        0000
__Lbank3                 bank3        0000
__LbssBANK0              bssBANK0     0000
__LbssCOMMON             bssCOMMON    0000
__Lcinit                 cinit        000F
__Lclrtext               clrtext      0000
__Lcode                  code         0000
__Lcommon                common       0000
__Lconfig                config       2007
__LcstackBANK0           cstackBANK0  0000
__LcstackCOMMON          cstackCOMMON 0000
__Leeprom_data           eeprom_data  0000
__Lend_init              end_init     000C
__Lfunctab               functab      0000
__Lidloc                 idloc        0000
__Linit                  init         000C
__Lintentry              intentry     0004
__Lmaintext              maintext     0000
__Lpowerup               powerup      0000
__Lram                   ram          0000
__Lreset_vec             reset_vec    0000
__Lsfr0                  sfr0         0000
__Lsfr1                  sfr1         0000
__Lsfr2                  sfr2         0000
__Lsfr3                  sfr3         0000
__Lspace_0               (abs)        0000
__Lspace_1               (abs)        0000
__Lspace_2               (abs)        0000
__Lspace_3               (abs)        0000
__Lstack                 stack        0000
__Lstrings               strings      0000
__Ltext                  text         0000
__S0                     (abs)        2009
__S1                     (abs)        007C
__S2                     (abs)        0000
__S3                     (abs)        0000
___int_sp                stack        0000
___latbits               (abs)        0002
___sp                    stack        0000
___stackhi               (abs)        0000
___stacklo               (abs)        0000
__end_of__initialization cinit        001C
__end_of_aguaMEF         text7        00EA
__end_of_aguaMEFInit     text8        01A0
__end_of_appInit         text6        0177
__end_of_comidaMEF       text4        00A5
__end_of_comidaMEFInit   text5        019B
__end_of_isr             text9        0196
__end_of_main            maintext     0156
__end_of_platoMEF        text1        0129
__end_of_platoMEFInit    text3        01A2
__end_of_servoHorario    text2        018F
__initialization         cinit        000F
__pbssBANK0              bssBANK0     0020
__pbssCOMMON             bssCOMMON    0070
__pcstackBANK0           cstackBANK0  0024
__pcstackCOMMON          cstackCOMMON 0077
__pintentry              intentry     0004
__pmaintext              maintext     0129
__ptext1                 text1        00EA
__ptext2                 text2        0177
__ptext3                 text3        01A0
__ptext4                 text4        0020
__ptext5                 text5        0196
__ptext6                 text6        0156
__ptext7                 text7        00A5
__ptext8                 text8        019B
__ptext9                 text9        018F
__size_of_aguaMEF        (abs)        0000
__size_of_aguaMEFInit    (abs)        0000
__size_of_appInit        (abs)        0000
__size_of_comidaMEF      (abs)        0000
__size_of_comidaMEFInit  (abs)        0000
__size_of_isr            (abs)        0000
__size_of_main           (abs)        0000
__size_of_platoMEF       (abs)        0000
__size_of_platoMEFInit   (abs)        0000
__size_of_servoHorario   (abs)        0000
_aguaMEF                 text7        00A5
_aguaMEFInit             text8        019B
_appInit                 text6        0156
_comidaMEF               text4        0020
_comidaMEFInit           text5        0196
_estadoAgua              bssCOMMON    0074
_estadoComida            bssCOMMON    0075
_estadoPlato             bssCOMMON    0076
_isr                     text9        018F
_main                    maintext     0129
_platoMEF                text1        00EA
_platoMEFInit            text3        01A0
_servoHorario            text2        0177
_tickColor               bssBANK0     0022
_tickCounter             bssCOMMON    0070
btemp                    (abs)        007E
end_of_initialization    cinit        001C
interrupt_function       intentry     0004
intlevel0                functab      0000
intlevel1                functab      0000
intlevel2                functab      0000
intlevel3                functab      0000
intlevel4                functab      0000
intlevel5                functab      0000
mideColorAzul@t1         bssCOMMON    0072
reset_vec                reset_vec    0000
saved_w                  (abs)        007E
start                    init         000C
start_initialization     cinit        000F
wtemp0                   (abs)        007E


FUNCTION INFORMATION:

 *************** function _main *****************
 Defined at:
		line 41 in file "main.c"
 Parameters:    Size  Location     Type
		None
 Auto vars:     Size  Location     Type
		None
 Return value:  Size  Location     Type
                  1    wreg      void 
 Registers used:
		wreg, fsr0l, fsr0h, status,2, status,0, pclath, cstack
 Tracked objects:
		On entry : 
		On exit  : 
		Unchanged: 
 Data sizes:     COMMON   BANK0   BANK1   BANK3   BANK2
      Params:         0       0       0       0       0
      Locals:         0       0       0       0       0
      Temps:          0       0       0       0       0
      Totals:         0       0       0       0       0
Total ram usage:        0 bytes
 Hardware stack levels required when called:    3
 This function calls:
		_aguaMEF
		_aguaMEFInit
		_appInit
		_comidaMEF
		_comidaMEFInit
		_platoMEF
		_platoMEFInit
 This function is called by:
		Startup code after reset
 This function uses a non-reentrant model


 *************** function _platoMEF *****************
 Defined at:
		line 63 in file "main.c"
 Parameters:    Size  Location     Type
		None
 Auto vars:     Size  Location     Type
		None
 Return value:  Size  Location     Type
                  1    wreg      void 
 Registers used:
		wreg, fsr0l, fsr0h, status,2, status,0, pclath, cstack
 Tracked objects:
		On entry : 
		On exit  : 
		Unchanged: 
 Data sizes:     COMMON   BANK0   BANK1   BANK3   BANK2
      Params:         0       0       0       0       0
      Locals:         0       0       0       0       0
      Temps:          0       2       0       0       0
      Totals:         0       2       0       0       0
Total ram usage:        2 bytes
 Hardware stack levels used:    1
 Hardware stack levels required when called:    2
 This function calls:
		_platoMEFInit
		_servoHorario
 This function is called by:
		_main
 This function uses a non-reentrant model


 *************** function _servoHorario *****************
 Defined at:
		line 188 in file "main.c"
 Parameters:    Size  Location     Type
		None
 Auto vars:     Size  Location     Type
		None
 Return value:  Size  Location     Type
                  1    wreg      void 
 Registers used:
		wreg
 Tracked objects:
		On entry : 
		On exit  : 
		Unchanged: 
 Data sizes:     COMMON   BANK0   BANK1   BANK3   BANK2
      Params:         0       0       0       0       0
      Locals:         0       0       0       0       0
      Temps:          2       0       0       0       0
      Totals:         2       0       0       0       0
Total ram usage:        2 bytes
 Hardware stack levels used:    1
 Hardware stack levels required when called:    1
 This function calls:
		Nothing
 This function is called by:
		_platoMEF
 This function uses a non-reentrant model


 *************** function _platoMEFInit *****************
 Defined at:
		line 59 in file "main.c"
 Parameters:    Size  Location     Type
		None
 Auto vars:     Size  Location     Type
		None
 Return value:  Size  Location     Type
                  1    wreg      void 
 Registers used:
		status,2
 Tracked objects:
		On entry : 
		On exit  : 
		Unchanged: 
 Data sizes:     COMMON   BANK0   BANK1   BANK3   BANK2
      Params:         0       0       0       0       0
      Locals:         0       0       0       0       0
      Temps:          0       0       0       0       0
      Totals:         0       0       0       0       0
Total ram usage:        0 bytes
 Hardware stack levels used:    1
 Hardware stack levels required when called:    1
 This function calls:
		Nothing
 This function is called by:
		_main
		_platoMEF
 This function uses a non-reentrant model


 *************** function _comidaMEF *****************
 Defined at:
		line 96 in file "main.c"
 Parameters:    Size  Location     Type
		None
 Auto vars:     Size  Location     Type
		None
 Return value:  Size  Location     Type
                  1    wreg      void 
 Registers used:
		wreg, fsr0l, fsr0h, status,2, status,0, pclath, cstack
 Tracked objects:
		On entry : 
		On exit  : 
		Unchanged: 
 Data sizes:     COMMON   BANK0   BANK1   BANK3   BANK2
      Params:         0       0       0       0       0
      Locals:         0       0       0       0       0
      Temps:          2       0       0       0       0
      Totals:         2       0       0       0       0
Total ram usage:        2 bytes
 Hardware stack levels used:    1
 Hardware stack levels required when called:    2
 This function calls:
		_comidaMEFInit
 This function is called by:
		_main
 This function uses a non-reentrant model


 *************** function _comidaMEFInit *****************
 Defined at:
		line 92 in file "main.c"
 Parameters:    Size  Location     Type
		None
 Auto vars:     Size  Location     Type
		None
 Return value:  Size  Location     Type
                  1    wreg      void 
 Registers used:
		wreg
 Tracked objects:
		On entry : 
		On exit  : 
		Unchanged: 
 Data sizes:     COMMON   BANK0   BANK1   BANK3   BANK2
      Params:         0       0       0       0       0
      Locals:         0       0       0       0       0
      Temps:          1       0       0       0       0
      Totals:         1       0       0       0       0
Total ram usage:        1 bytes
 Hardware stack levels used:    1
 Hardware stack levels required when called:    1
 This function calls:
		Nothing
 This function is called by:
		_main
		_comidaMEF
 This function uses a non-reentrant model


 *************** function _appInit *****************
 Defined at:
		line 14 in file "user.c"
 Parameters:    Size  Location     Type
		None
 Auto vars:     Size  Location     Type
		None
 Return value:  Size  Location     Type
                  1    wreg      void 
 Registers used:
		wreg, status,2
 Tracked objects:
		On entry : 
		On exit  : 
		Unchanged: 
 Data sizes:     COMMON   BANK0   BANK1   BANK3   BANK2
      Params:         0       0       0       0       0
      Locals:         0       0       0       0       0
      Temps:          2       0       0       0       0
      Totals:         2       0       0       0       0
Total ram usage:        2 bytes
 Hardware stack levels used:    1
 Hardware stack levels required when called:    1
 This function calls:
		Nothing
 This function is called by:
		_main
 This function uses a non-reentrant model


 *************** function _aguaMEF *****************
 Defined at:
		line 145 in file "main.c"
 Parameters:    Size  Location     Type
		None
 Auto vars:     Size  Location     Type
		None
 Return value:  Size  Location     Type
                  1    wreg      void 
 Registers used:
		wreg, fsr0l, fsr0h, status,2, status,0, pclath, cstack
 Tracked objects:
		On entry : 
		On exit  : 
		Unchanged: 
 Data sizes:     COMMON   BANK0   BANK1   BANK3   BANK2
      Params:         0       0       0       0       0
      Locals:         0       0       0       0       0
      Temps:          2       0       0       0       0
      Totals:         2       0       0       0       0
Total ram usage:        2 bytes
 Hardware stack levels used:    1
 Hardware stack levels required when called:    2
 This function calls:
		_aguaMEFInit
 This function is called by:
		_main
 This function uses a non-reentrant model


 *************** function _aguaMEFInit *****************
 Defined at:
		line 141 in file "main.c"
 Parameters:    Size  Location     Type
		None
 Auto vars:     Size  Location     Type
		None
 Return value:  Size  Location     Type
                  1    wreg      void 
 Registers used:
		wreg
 Tracked objects:
		On entry : 
		On exit  : 
		Unchanged: 
 Data sizes:     COMMON   BANK0   BANK1   BANK3   BANK2
      Params:         0       0       0       0       0
      Locals:         0       0       0       0       0
      Temps:          1       0       0       0       0
      Totals:         1       0       0       0       0
Total ram usage:        1 bytes
 Hardware stack levels used:    1
 Hardware stack levels required when called:    1
 This function calls:
		Nothing
 This function is called by:
		_main
		_aguaMEF
 This function uses a non-reentrant model


 *************** function _isr *****************
 Defined at:
		line 30 in file "interrupts.c"
 Parameters:    Size  Location     Type
		None
 Auto vars:     Size  Location     Type
		None
 Return value:  Size  Location     Type
                  1    wreg      void 
 Registers used:
		None
 Tracked objects:
		On entry : 
		On exit  : 
		Unchanged: 
 Data sizes:     COMMON   BANK0   BANK1   BANK3   BANK2
      Params:         0       0       0       0       0
      Locals:         0       0       0       0       0
      Temps:          2       0       0       0       0
      Totals:         2       0       0       0       0
Total ram usage:        2 bytes
 Hardware stack levels used:    1
 This function calls:
		Nothing
 This function is called by:
		Interrupt level 1
 This function uses a non-reentrant model



MODULE INFORMATION

Module		Function		Class		Link	Load	Size
interrupts.c
		_isr           		CODE           	018F	0000	8

interrupts.c estimated size: 8

shared
		__initialization		CODE           	000F	0000	14

shared estimated size: 14

user.c
		_appInit       		CODE           	0156	0000	34

user.c estimated size: 34

main.c
		_main          		CODE           	0129	0000	46
		_comidaMEF     		CODE           	0020	0000	134
		_platoMEF      		CODE           	00EA	0000	64
		_servoHorario  		CODE           	0177	0000	25
		_aguaMEF       		CODE           	00A5	0000	70
		_platoMEFInit  		CODE           	01A0	0000	3
		_aguaMEFInit   		CODE           	019B	0000	6
		_comidaMEFInit 		CODE           	0196	0000	6

main.c estimated size: 354

